CRITICAL - 2026-02-21 03:22:59 --> ErrorException: Undefined variable $latest_news
[Method: GET, Route: /]
in APPPATH\Views\welcome_message.php on line 75.
 1 APPPATH\Views\welcome_message.php(75): CodeIgniter\Debug\Exceptions->errorHandler(2, 'Undefined variable $latest_news', 'E:\\Development Tools\\Xampp\\htdocs\\NToday-News\\app\\Views\\welcome_message.php', 75)
 2 SYSTEMPATH\View\View.php(238): include('E:\\Development Tools\\Xampp\\htdocs\\NToday-News\\app\\Views\\welcome_message.php')
 3 SYSTEMPATH\View\View.php(241): CodeIgniter\View\View->CodeIgniter\View\{closure}()
 4 SYSTEMPATH\Common.php(1250): CodeIgniter\View\View->render('welcome_message', [], true)
 5 APPPATH\Controllers\Home.php(9): view('welcome_message')
 6 SYSTEMPATH\CodeIgniter.php(951): App\Controllers\Home->index()
 7 SYSTEMPATH\CodeIgniter.php(497): CodeIgniter\CodeIgniter->runController(Object(App\Controllers\Home))
 8 SYSTEMPATH\CodeIgniter.php(340): CodeIgniter\CodeIgniter->handleRequest(null, Object(Config\Cache), false)
 9 SYSTEMPATH\Boot.php(417): CodeIgniter\CodeIgniter->run()
10 SYSTEMPATH\Boot.php(68): CodeIgniter\Boot::runCodeIgniter(Object(CodeIgniter\CodeIgniter))
11 FCPATH\index.php(59): CodeIgniter\Boot::bootWeb(Object(Config\Paths))
12 SYSTEMPATH\rewrite.php(44): require_once('E:\\Development Tools\\Xampp\\htdocs\\NToday-News\\public\\index.php')
ERROR - 2026-02-21 17:00:09 --> Error connecting to the database: mysqli_sql_exception: Access denied for user 'ntodaynews'@'localhost' (using password: NO) in E:\Development Tools\Xampp\htdocs\NToday-News\vendor\codeigniter4\framework\system\Database\MySQLi\Connection.php:201
Stack trace:
#0 E:\Development Tools\Xampp\htdocs\NToday-News\vendor\codeigniter4\framework\system\Database\MySQLi\Connection.php(201): mysqli->real_connect('localhost', 'ntodaynews', Object(SensitiveParameterValue), '', 3306, '', 0)
#1 E:\Development Tools\Xampp\htdocs\NToday-News\vendor\codeigniter4\framework\system\Database\BaseConnection.php(419): CodeIgniter\Database\MySQLi\Connection->connect(false)
#2 E:\Development Tools\Xampp\htdocs\NToday-News\vendor\codeigniter4\framework\system\Database\BaseConnection.php(654): CodeIgniter\Database\BaseConnection->initialize()
#3 E:\Development Tools\Xampp\htdocs\NToday-News\vendor\codeigniter4\framework\system\Database\BaseBuilder.php(1649): CodeIgniter\Database\BaseConnection->query('SELECT *\nFROM `...', Array, false)
#4 E:\Development Tools\Xampp\htdocs\NToday-News\vendor\codeigniter4\framework\system\Model.php(254): CodeIgniter\Database\BaseBuilder->get()
#5 E:\Development Tools\Xampp\htdocs\NToday-News\vendor\codeigniter4\framework\system\BaseModel.php(675): CodeIgniter\Model->doFindAll(6, 0)
#6 E:\Development Tools\Xampp\htdocs\NToday-News\app\Controllers\Home.php(16): CodeIgniter\BaseModel->findAll(6)
#7 E:\Development Tools\Xampp\htdocs\NToday-News\vendor\codeigniter4\framework\system\CodeIgniter.php(951): App\Controllers\Home->index()
#8 E:\Development Tools\Xampp\htdocs\NToday-News\vendor\codeigniter4\framework\system\CodeIgniter.php(497): CodeIgniter\CodeIgniter->runController(Object(App\Controllers\Home))
#9 E:\Development Tools\Xampp\htdocs\NToday-News\vendor\codeigniter4\framework\system\CodeIgniter.php(340): CodeIgniter\CodeIgniter->handleRequest(NULL, Object(Config\Cache), false)
#10 E:\Development Tools\Xampp\htdocs\NToday-News\vendor\codeigniter4\framework\system\Boot.php(417): CodeIgniter\CodeIgniter->run()
#11 E:\Development Tools\Xampp\htdocs\NToday-News\vendor\codeigniter4\framework\system\Boot.php(68): CodeIgniter\Boot::runCodeIgniter(Object(CodeIgniter\CodeIgniter))
#12 E:\Development Tools\Xampp\htdocs\NToday-News\public\index.php(59): CodeIgniter\Boot::bootWeb(Object(Config\Paths))
#13 E:\Development Tools\Xampp\htdocs\NToday-News\vendor\codeigniter4\framework\system\rewrite.php(44): require_once('E:\\Development ...')
#14 {main}

Next CodeIgniter\Database\Exceptions\DatabaseException: Access denied for user '****'@'localhost' (using password: NO) in E:\Development Tools\Xampp\htdocs\NToday-News\vendor\codeigniter4\framework\system\Database\MySQLi\Connection.php:231
Stack trace:
#0 E:\Development Tools\Xampp\htdocs\NToday-News\vendor\codeigniter4\framework\system\Database\BaseConnection.php(419): CodeIgniter\Database\MySQLi\Connection->connect(false)
#1 E:\Development Tools\Xampp\htdocs\NToday-News\vendor\codeigniter4\framework\system\Database\BaseConnection.php(654): CodeIgniter\Database\BaseConnection->initialize()
#2 E:\Development Tools\Xampp\htdocs\NToday-News\vendor\codeigniter4\framework\system\Database\BaseBuilder.php(1649): CodeIgniter\Database\BaseConnection->query('SELECT *\nFROM `...', Array, false)
#3 E:\Development Tools\Xampp\htdocs\NToday-News\vendor\codeigniter4\framework\system\Model.php(254): CodeIgniter\Database\BaseBuilder->get()
#4 E:\Development Tools\Xampp\htdocs\NToday-News\vendor\codeigniter4\framework\system\BaseModel.php(675): CodeIgniter\Model->doFindAll(6, 0)
#5 E:\Development Tools\Xampp\htdocs\NToday-News\app\Controllers\Home.php(16): CodeIgniter\BaseModel->findAll(6)
#6 E:\Development Tools\Xampp\htdocs\NToday-News\vendor\codeigniter4\framework\system\CodeIgniter.php(951): App\Controllers\Home->index()
#7 E:\Development Tools\Xampp\htdocs\NToday-News\vendor\codeigniter4\framework\system\CodeIgniter.php(497): CodeIgniter\CodeIgniter->runController(Object(App\Controllers\Home))
#8 E:\Development Tools\Xampp\htdocs\NToday-News\vendor\codeigniter4\framework\system\CodeIgniter.php(340): CodeIgniter\CodeIgniter->handleRequest(NULL, Object(Config\Cache), false)
#9 E:\Development Tools\Xampp\htdocs\NToday-News\vendor\codeigniter4\framework\system\Boot.php(417): CodeIgniter\CodeIgniter->run()
#10 E:\Development Tools\Xampp\htdocs\NToday-News\vendor\codeigniter4\framework\system\Boot.php(68): CodeIgniter\Boot::runCodeIgniter(Object(CodeIgniter\CodeIgniter))
#11 E:\Development Tools\Xampp\htdocs\NToday-News\public\index.php(59): CodeIgniter\Boot::bootWeb(Object(Config\Paths))
#12 E:\Development Tools\Xampp\htdocs\NToday-News\vendor\codeigniter4\framework\system\rewrite.php(44): require_once('E:\\Development ...')
#13 {main}
CRITICAL - 2026-02-21 17:00:09 --> CodeIgniter\Database\Exceptions\DatabaseException: Unable to connect to the database.
Main connection [MySQLi]: Access denied for user '****'@'localhost' (using password: NO)
[Method: GET, Route: /]
in SYSTEMPATH\Database\BaseConnection.php on line 465.
 1 SYSTEMPATH\Database\BaseConnection.php(654): CodeIgniter\Database\BaseConnection->initialize()
 2 SYSTEMPATH\Database\BaseBuilder.php(1649): CodeIgniter\Database\BaseConnection->query('SELECT *
FROM `news`
WHERE `status` = :status:
ORDER BY `published_at` DESC
 LIMIT 6', [...], false)
 3 SYSTEMPATH\Model.php(254): CodeIgniter\Database\BaseBuilder->get()
 4 SYSTEMPATH\BaseModel.php(675): CodeIgniter\Model->doFindAll(6, 0)
 5 APPPATH\Controllers\Home.php(16): CodeIgniter\BaseModel->findAll(6)
 6 SYSTEMPATH\CodeIgniter.php(951): App\Controllers\Home->index()
 7 SYSTEMPATH\CodeIgniter.php(497): CodeIgniter\CodeIgniter->runController(Object(App\Controllers\Home))
 8 SYSTEMPATH\CodeIgniter.php(340): CodeIgniter\CodeIgniter->handleRequest(null, Object(Config\Cache), false)
 9 SYSTEMPATH\Boot.php(417): CodeIgniter\CodeIgniter->run()
10 SYSTEMPATH\Boot.php(68): CodeIgniter\Boot::runCodeIgniter(Object(CodeIgniter\CodeIgniter))
11 FCPATH\index.php(59): CodeIgniter\Boot::bootWeb(Object(Config\Paths))
12 SYSTEMPATH\rewrite.php(44): require_once('E:\\Development Tools\\Xampp\\htdocs\\NToday-News\\public\\index.php')
ERROR - 2026-02-21 17:00:15 --> Error connecting to the database: mysqli_sql_exception: Access denied for user 'ntodaynews'@'localhost' (using password: NO) in E:\Development Tools\Xampp\htdocs\NToday-News\vendor\codeigniter4\framework\system\Database\MySQLi\Connection.php:201
Stack trace:
#0 E:\Development Tools\Xampp\htdocs\NToday-News\vendor\codeigniter4\framework\system\Database\MySQLi\Connection.php(201): mysqli->real_connect('localhost', 'ntodaynews', Object(SensitiveParameterValue), '', 3306, '', 0)
#1 E:\Development Tools\Xampp\htdocs\NToday-News\vendor\codeigniter4\framework\system\Database\BaseConnection.php(419): CodeIgniter\Database\MySQLi\Connection->connect(false)
#2 E:\Development Tools\Xampp\htdocs\NToday-News\vendor\codeigniter4\framework\system\Database\BaseConnection.php(654): CodeIgniter\Database\BaseConnection->initialize()
#3 E:\Development Tools\Xampp\htdocs\NToday-News\vendor\codeigniter4\framework\system\Database\BaseBuilder.php(1649): CodeIgniter\Database\BaseConnection->query('SELECT *\nFROM `...', Array, false)
#4 E:\Development Tools\Xampp\htdocs\NToday-News\vendor\codeigniter4\framework\system\Model.php(254): CodeIgniter\Database\BaseBuilder->get()
#5 E:\Development Tools\Xampp\htdocs\NToday-News\vendor\codeigniter4\framework\system\BaseModel.php(675): CodeIgniter\Model->doFindAll(6, 0)
#6 E:\Development Tools\Xampp\htdocs\NToday-News\app\Controllers\Home.php(16): CodeIgniter\BaseModel->findAll(6)
#7 E:\Development Tools\Xampp\htdocs\NToday-News\vendor\codeigniter4\framework\system\CodeIgniter.php(951): App\Controllers\Home->index()
#8 E:\Development Tools\Xampp\htdocs\NToday-News\vendor\codeigniter4\framework\system\CodeIgniter.php(497): CodeIgniter\CodeIgniter->runController(Object(App\Controllers\Home))
#9 E:\Development Tools\Xampp\htdocs\NToday-News\vendor\codeigniter4\framework\system\CodeIgniter.php(340): CodeIgniter\CodeIgniter->handleRequest(NULL, Object(Config\Cache), false)
#10 E:\Development Tools\Xampp\htdocs\NToday-News\vendor\codeigniter4\framework\system\Boot.php(417): CodeIgniter\CodeIgniter->run()
#11 E:\Development Tools\Xampp\htdocs\NToday-News\vendor\codeigniter4\framework\system\Boot.php(68): CodeIgniter\Boot::runCodeIgniter(Object(CodeIgniter\CodeIgniter))
#12 E:\Development Tools\Xampp\htdocs\NToday-News\public\index.php(59): CodeIgniter\Boot::bootWeb(Object(Config\Paths))
#13 E:\Development Tools\Xampp\htdocs\NToday-News\vendor\codeigniter4\framework\system\rewrite.php(44): require_once('E:\\Development ...')
#14 {main}

Next CodeIgniter\Database\Exceptions\DatabaseException: Access denied for user '****'@'localhost' (using password: NO) in E:\Development Tools\Xampp\htdocs\NToday-News\vendor\codeigniter4\framework\system\Database\MySQLi\Connection.php:231
Stack trace:
#0 E:\Development Tools\Xampp\htdocs\NToday-News\vendor\codeigniter4\framework\system\Database\BaseConnection.php(419): CodeIgniter\Database\MySQLi\Connection->connect(false)
#1 E:\Development Tools\Xampp\htdocs\NToday-News\vendor\codeigniter4\framework\system\Database\BaseConnection.php(654): CodeIgniter\Database\BaseConnection->initialize()
#2 E:\Development Tools\Xampp\htdocs\NToday-News\vendor\codeigniter4\framework\system\Database\BaseBuilder.php(1649): CodeIgniter\Database\BaseConnection->query('SELECT *\nFROM `...', Array, false)
#3 E:\Development Tools\Xampp\htdocs\NToday-News\vendor\codeigniter4\framework\system\Model.php(254): CodeIgniter\Database\BaseBuilder->get()
#4 E:\Development Tools\Xampp\htdocs\NToday-News\vendor\codeigniter4\framework\system\BaseModel.php(675): CodeIgniter\Model->doFindAll(6, 0)
#5 E:\Development Tools\Xampp\htdocs\NToday-News\app\Controllers\Home.php(16): CodeIgniter\BaseModel->findAll(6)
#6 E:\Development Tools\Xampp\htdocs\NToday-News\vendor\codeigniter4\framework\system\CodeIgniter.php(951): App\Controllers\Home->index()
#7 E:\Development Tools\Xampp\htdocs\NToday-News\vendor\codeigniter4\framework\system\CodeIgniter.php(497): CodeIgniter\CodeIgniter->runController(Object(App\Controllers\Home))
#8 E:\Development Tools\Xampp\htdocs\NToday-News\vendor\codeigniter4\framework\system\CodeIgniter.php(340): CodeIgniter\CodeIgniter->handleRequest(NULL, Object(Config\Cache), false)
#9 E:\Development Tools\Xampp\htdocs\NToday-News\vendor\codeigniter4\framework\system\Boot.php(417): CodeIgniter\CodeIgniter->run()
#10 E:\Development Tools\Xampp\htdocs\NToday-News\vendor\codeigniter4\framework\system\Boot.php(68): CodeIgniter\Boot::runCodeIgniter(Object(CodeIgniter\CodeIgniter))
#11 E:\Development Tools\Xampp\htdocs\NToday-News\public\index.php(59): CodeIgniter\Boot::bootWeb(Object(Config\Paths))
#12 E:\Development Tools\Xampp\htdocs\NToday-News\vendor\codeigniter4\framework\system\rewrite.php(44): require_once('E:\\Development ...')
#13 {main}
CRITICAL - 2026-02-21 17:00:15 --> CodeIgniter\Database\Exceptions\DatabaseException: Unable to connect to the database.
Main connection [MySQLi]: Access denied for user '****'@'localhost' (using password: NO)
[Method: GET, Route: /]
in SYSTEMPATH\Database\BaseConnection.php on line 465.
 1 SYSTEMPATH\Database\BaseConnection.php(654): CodeIgniter\Database\BaseConnection->initialize()
 2 SYSTEMPATH\Database\BaseBuilder.php(1649): CodeIgniter\Database\BaseConnection->query('SELECT *
FROM `news`
WHERE `status` = :status:
ORDER BY `published_at` DESC
 LIMIT 6', [...], false)
 3 SYSTEMPATH\Model.php(254): CodeIgniter\Database\BaseBuilder->get()
 4 SYSTEMPATH\BaseModel.php(675): CodeIgniter\Model->doFindAll(6, 0)
 5 APPPATH\Controllers\Home.php(16): CodeIgniter\BaseModel->findAll(6)
 6 SYSTEMPATH\CodeIgniter.php(951): App\Controllers\Home->index()
 7 SYSTEMPATH\CodeIgniter.php(497): CodeIgniter\CodeIgniter->runController(Object(App\Controllers\Home))
 8 SYSTEMPATH\CodeIgniter.php(340): CodeIgniter\CodeIgniter->handleRequest(null, Object(Config\Cache), false)
 9 SYSTEMPATH\Boot.php(417): CodeIgniter\CodeIgniter->run()
10 SYSTEMPATH\Boot.php(68): CodeIgniter\Boot::runCodeIgniter(Object(CodeIgniter\CodeIgniter))
11 FCPATH\index.php(59): CodeIgniter\Boot::bootWeb(Object(Config\Paths))
12 SYSTEMPATH\rewrite.php(44): require_once('E:\\Development Tools\\Xampp\\htdocs\\NToday-News\\public\\index.php')
ERROR - 2026-02-21 17:00:15 --> Error connecting to the database: mysqli_sql_exception: Access denied for user 'ntodaynews'@'localhost' (using password: NO) in E:\Development Tools\Xampp\htdocs\NToday-News\vendor\codeigniter4\framework\system\Database\MySQLi\Connection.php:201
Stack trace:
#0 E:\Development Tools\Xampp\htdocs\NToday-News\vendor\codeigniter4\framework\system\Database\MySQLi\Connection.php(201): mysqli->real_connect('localhost', 'ntodaynews', Object(SensitiveParameterValue), '', 3306, '', 0)
#1 E:\Development Tools\Xampp\htdocs\NToday-News\vendor\codeigniter4\framework\system\Database\BaseConnection.php(419): CodeIgniter\Database\MySQLi\Connection->connect(false)
#2 E:\Development Tools\Xampp\htdocs\NToday-News\vendor\codeigniter4\framework\system\Database\BaseConnection.php(654): CodeIgniter\Database\BaseConnection->initialize()
#3 E:\Development Tools\Xampp\htdocs\NToday-News\vendor\codeigniter4\framework\system\Database\BaseBuilder.php(1649): CodeIgniter\Database\BaseConnection->query('SELECT *\nFROM `...', Array, false)
#4 E:\Development Tools\Xampp\htdocs\NToday-News\vendor\codeigniter4\framework\system\Model.php(254): CodeIgniter\Database\BaseBuilder->get()
#5 E:\Development Tools\Xampp\htdocs\NToday-News\vendor\codeigniter4\framework\system\BaseModel.php(675): CodeIgniter\Model->doFindAll(6, 0)
#6 E:\Development Tools\Xampp\htdocs\NToday-News\app\Controllers\Home.php(16): CodeIgniter\BaseModel->findAll(6)
#7 E:\Development Tools\Xampp\htdocs\NToday-News\vendor\codeigniter4\framework\system\CodeIgniter.php(951): App\Controllers\Home->index()
#8 E:\Development Tools\Xampp\htdocs\NToday-News\vendor\codeigniter4\framework\system\CodeIgniter.php(497): CodeIgniter\CodeIgniter->runController(Object(App\Controllers\Home))
#9 E:\Development Tools\Xampp\htdocs\NToday-News\vendor\codeigniter4\framework\system\CodeIgniter.php(340): CodeIgniter\CodeIgniter->handleRequest(NULL, Object(Config\Cache), false)
#10 E:\Development Tools\Xampp\htdocs\NToday-News\vendor\codeigniter4\framework\system\Boot.php(417): CodeIgniter\CodeIgniter->run()
#11 E:\Development Tools\Xampp\htdocs\NToday-News\vendor\codeigniter4\framework\system\Boot.php(68): CodeIgniter\Boot::runCodeIgniter(Object(CodeIgniter\CodeIgniter))
#12 E:\Development Tools\Xampp\htdocs\NToday-News\public\index.php(59): CodeIgniter\Boot::bootWeb(Object(Config\Paths))
#13 E:\Development Tools\Xampp\htdocs\NToday-News\vendor\codeigniter4\framework\system\rewrite.php(44): require_once('E:\\Development ...')
#14 {main}

Next CodeIgniter\Database\Exceptions\DatabaseException: Access denied for user '****'@'localhost' (using password: NO) in E:\Development Tools\Xampp\htdocs\NToday-News\vendor\codeigniter4\framework\system\Database\MySQLi\Connection.php:231
Stack trace:
#0 E:\Development Tools\Xampp\htdocs\NToday-News\vendor\codeigniter4\framework\system\Database\BaseConnection.php(419): CodeIgniter\Database\MySQLi\Connection->connect(false)
#1 E:\Development Tools\Xampp\htdocs\NToday-News\vendor\codeigniter4\framework\system\Database\BaseConnection.php(654): CodeIgniter\Database\BaseConnection->initialize()
#2 E:\Development Tools\Xampp\htdocs\NToday-News\vendor\codeigniter4\framework\system\Database\BaseBuilder.php(1649): CodeIgniter\Database\BaseConnection->query('SELECT *\nFROM `...', Array, false)
#3 E:\Development Tools\Xampp\htdocs\NToday-News\vendor\codeigniter4\framework\system\Model.php(254): CodeIgniter\Database\BaseBuilder->get()
#4 E:\Development Tools\Xampp\htdocs\NToday-News\vendor\codeigniter4\framework\system\BaseModel.php(675): CodeIgniter\Model->doFindAll(6, 0)
#5 E:\Development Tools\Xampp\htdocs\NToday-News\app\Controllers\Home.php(16): CodeIgniter\BaseModel->findAll(6)
#6 E:\Development Tools\Xampp\htdocs\NToday-News\vendor\codeigniter4\framework\system\CodeIgniter.php(951): App\Controllers\Home->index()
#7 E:\Development Tools\Xampp\htdocs\NToday-News\vendor\codeigniter4\framework\system\CodeIgniter.php(497): CodeIgniter\CodeIgniter->runController(Object(App\Controllers\Home))
#8 E:\Development Tools\Xampp\htdocs\NToday-News\vendor\codeigniter4\framework\system\CodeIgniter.php(340): CodeIgniter\CodeIgniter->handleRequest(NULL, Object(Config\Cache), false)
#9 E:\Development Tools\Xampp\htdocs\NToday-News\vendor\codeigniter4\framework\system\Boot.php(417): CodeIgniter\CodeIgniter->run()
#10 E:\Development Tools\Xampp\htdocs\NToday-News\vendor\codeigniter4\framework\system\Boot.php(68): CodeIgniter\Boot::runCodeIgniter(Object(CodeIgniter\CodeIgniter))
#11 E:\Development Tools\Xampp\htdocs\NToday-News\public\index.php(59): CodeIgniter\Boot::bootWeb(Object(Config\Paths))
#12 E:\Development Tools\Xampp\htdocs\NToday-News\vendor\codeigniter4\framework\system\rewrite.php(44): require_once('E:\\Development ...')
#13 {main}
CRITICAL - 2026-02-21 17:00:15 --> CodeIgniter\Database\Exceptions\DatabaseException: Unable to connect to the database.
Main connection [MySQLi]: Access denied for user '****'@'localhost' (using password: NO)
[Method: GET, Route: /]
in SYSTEMPATH\Database\BaseConnection.php on line 465.
 1 SYSTEMPATH\Database\BaseConnection.php(654): CodeIgniter\Database\BaseConnection->initialize()
 2 SYSTEMPATH\Database\BaseBuilder.php(1649): CodeIgniter\Database\BaseConnection->query('SELECT *
FROM `news`
WHERE `status` = :status:
ORDER BY `published_at` DESC
 LIMIT 6', [...], false)
 3 SYSTEMPATH\Model.php(254): CodeIgniter\Database\BaseBuilder->get()
 4 SYSTEMPATH\BaseModel.php(675): CodeIgniter\Model->doFindAll(6, 0)
 5 APPPATH\Controllers\Home.php(16): CodeIgniter\BaseModel->findAll(6)
 6 SYSTEMPATH\CodeIgniter.php(951): App\Controllers\Home->index()
 7 SYSTEMPATH\CodeIgniter.php(497): CodeIgniter\CodeIgniter->runController(Object(App\Controllers\Home))
 8 SYSTEMPATH\CodeIgniter.php(340): CodeIgniter\CodeIgniter->handleRequest(null, Object(Config\Cache), false)
 9 SYSTEMPATH\Boot.php(417): CodeIgniter\CodeIgniter->run()
10 SYSTEMPATH\Boot.php(68): CodeIgniter\Boot::runCodeIgniter(Object(CodeIgniter\CodeIgniter))
11 FCPATH\index.php(59): CodeIgniter\Boot::bootWeb(Object(Config\Paths))
12 SYSTEMPATH\rewrite.php(44): require_once('E:\\Development Tools\\Xampp\\htdocs\\NToday-News\\public\\index.php')
ERROR - 2026-02-21 17:00:15 --> Error connecting to the database: mysqli_sql_exception: Access denied for user 'ntodaynews'@'localhost' (using password: NO) in E:\Development Tools\Xampp\htdocs\NToday-News\vendor\codeigniter4\framework\system\Database\MySQLi\Connection.php:201
Stack trace:
#0 E:\Development Tools\Xampp\htdocs\NToday-News\vendor\codeigniter4\framework\system\Database\MySQLi\Connection.php(201): mysqli->real_connect('localhost', 'ntodaynews', Object(SensitiveParameterValue), '', 3306, '', 0)
#1 E:\Development Tools\Xampp\htdocs\NToday-News\vendor\codeigniter4\framework\system\Database\BaseConnection.php(419): CodeIgniter\Database\MySQLi\Connection->connect(false)
#2 E:\Development Tools\Xampp\htdocs\NToday-News\vendor\codeigniter4\framework\system\Database\BaseConnection.php(654): CodeIgniter\Database\BaseConnection->initialize()
#3 E:\Development Tools\Xampp\htdocs\NToday-News\vendor\codeigniter4\framework\system\Database\BaseBuilder.php(1649): CodeIgniter\Database\BaseConnection->query('SELECT *\nFROM `...', Array, false)
#4 E:\Development Tools\Xampp\htdocs\NToday-News\vendor\codeigniter4\framework\system\Model.php(254): CodeIgniter\Database\BaseBuilder->get()
#5 E:\Development Tools\Xampp\htdocs\NToday-News\vendor\codeigniter4\framework\system\BaseModel.php(675): CodeIgniter\Model->doFindAll(6, 0)
#6 E:\Development Tools\Xampp\htdocs\NToday-News\app\Controllers\Home.php(16): CodeIgniter\BaseModel->findAll(6)
#7 E:\Development Tools\Xampp\htdocs\NToday-News\vendor\codeigniter4\framework\system\CodeIgniter.php(951): App\Controllers\Home->index()
#8 E:\Development Tools\Xampp\htdocs\NToday-News\vendor\codeigniter4\framework\system\CodeIgniter.php(497): CodeIgniter\CodeIgniter->runController(Object(App\Controllers\Home))
#9 E:\Development Tools\Xampp\htdocs\NToday-News\vendor\codeigniter4\framework\system\CodeIgniter.php(340): CodeIgniter\CodeIgniter->handleRequest(NULL, Object(Config\Cache), false)
#10 E:\Development Tools\Xampp\htdocs\NToday-News\vendor\codeigniter4\framework\system\Boot.php(417): CodeIgniter\CodeIgniter->run()
#11 E:\Development Tools\Xampp\htdocs\NToday-News\vendor\codeigniter4\framework\system\Boot.php(68): CodeIgniter\Boot::runCodeIgniter(Object(CodeIgniter\CodeIgniter))
#12 E:\Development Tools\Xampp\htdocs\NToday-News\public\index.php(59): CodeIgniter\Boot::bootWeb(Object(Config\Paths))
#13 E:\Development Tools\Xampp\htdocs\NToday-News\vendor\codeigniter4\framework\system\rewrite.php(44): require_once('E:\\Development ...')
#14 {main}

Next CodeIgniter\Database\Exceptions\DatabaseException: Access denied for user '****'@'localhost' (using password: NO) in E:\Development Tools\Xampp\htdocs\NToday-News\vendor\codeigniter4\framework\system\Database\MySQLi\Connection.php:231
Stack trace:
#0 E:\Development Tools\Xampp\htdocs\NToday-News\vendor\codeigniter4\framework\system\Database\BaseConnection.php(419): CodeIgniter\Database\MySQLi\Connection->connect(false)
#1 E:\Development Tools\Xampp\htdocs\NToday-News\vendor\codeigniter4\framework\system\Database\BaseConnection.php(654): CodeIgniter\Database\BaseConnection->initialize()
#2 E:\Development Tools\Xampp\htdocs\NToday-News\vendor\codeigniter4\framework\system\Database\BaseBuilder.php(1649): CodeIgniter\Database\BaseConnection->query('SELECT *\nFROM `...', Array, false)
#3 E:\Development Tools\Xampp\htdocs\NToday-News\vendor\codeigniter4\framework\system\Model.php(254): CodeIgniter\Database\BaseBuilder->get()
#4 E:\Development Tools\Xampp\htdocs\NToday-News\vendor\codeigniter4\framework\system\BaseModel.php(675): CodeIgniter\Model->doFindAll(6, 0)
#5 E:\Development Tools\Xampp\htdocs\NToday-News\app\Controllers\Home.php(16): CodeIgniter\BaseModel->findAll(6)
#6 E:\Development Tools\Xampp\htdocs\NToday-News\vendor\codeigniter4\framework\system\CodeIgniter.php(951): App\Controllers\Home->index()
#7 E:\Development Tools\Xampp\htdocs\NToday-News\vendor\codeigniter4\framework\system\CodeIgniter.php(497): CodeIgniter\CodeIgniter->runController(Object(App\Controllers\Home))
#8 E:\Development Tools\Xampp\htdocs\NToday-News\vendor\codeigniter4\framework\system\CodeIgniter.php(340): CodeIgniter\CodeIgniter->handleRequest(NULL, Object(Config\Cache), false)
#9 E:\Development Tools\Xampp\htdocs\NToday-News\vendor\codeigniter4\framework\system\Boot.php(417): CodeIgniter\CodeIgniter->run()
#10 E:\Development Tools\Xampp\htdocs\NToday-News\vendor\codeigniter4\framework\system\Boot.php(68): CodeIgniter\Boot::runCodeIgniter(Object(CodeIgniter\CodeIgniter))
#11 E:\Development Tools\Xampp\htdocs\NToday-News\public\index.php(59): CodeIgniter\Boot::bootWeb(Object(Config\Paths))
#12 E:\Development Tools\Xampp\htdocs\NToday-News\vendor\codeigniter4\framework\system\rewrite.php(44): require_once('E:\\Development ...')
#13 {main}
CRITICAL - 2026-02-21 17:00:15 --> CodeIgniter\Database\Exceptions\DatabaseException: Unable to connect to the database.
Main connection [MySQLi]: Access denied for user '****'@'localhost' (using password: NO)
[Method: GET, Route: /]
in SYSTEMPATH\Database\BaseConnection.php on line 465.
 1 SYSTEMPATH\Database\BaseConnection.php(654): CodeIgniter\Database\BaseConnection->initialize()
 2 SYSTEMPATH\Database\BaseBuilder.php(1649): CodeIgniter\Database\BaseConnection->query('SELECT *
FROM `news`
WHERE `status` = :status:
ORDER BY `published_at` DESC
 LIMIT 6', [...], false)
 3 SYSTEMPATH\Model.php(254): CodeIgniter\Database\BaseBuilder->get()
 4 SYSTEMPATH\BaseModel.php(675): CodeIgniter\Model->doFindAll(6, 0)
 5 APPPATH\Controllers\Home.php(16): CodeIgniter\BaseModel->findAll(6)
 6 SYSTEMPATH\CodeIgniter.php(951): App\Controllers\Home->index()
 7 SYSTEMPATH\CodeIgniter.php(497): CodeIgniter\CodeIgniter->runController(Object(App\Controllers\Home))
 8 SYSTEMPATH\CodeIgniter.php(340): CodeIgniter\CodeIgniter->handleRequest(null, Object(Config\Cache), false)
 9 SYSTEMPATH\Boot.php(417): CodeIgniter\CodeIgniter->run()
10 SYSTEMPATH\Boot.php(68): CodeIgniter\Boot::runCodeIgniter(Object(CodeIgniter\CodeIgniter))
11 FCPATH\index.php(59): CodeIgniter\Boot::bootWeb(Object(Config\Paths))
12 SYSTEMPATH\rewrite.php(44): require_once('E:\\Development Tools\\Xampp\\htdocs\\NToday-News\\public\\index.php')
ERROR - 2026-02-21 17:00:16 --> Error connecting to the database: mysqli_sql_exception: Access denied for user 'ntodaynews'@'localhost' (using password: NO) in E:\Development Tools\Xampp\htdocs\NToday-News\vendor\codeigniter4\framework\system\Database\MySQLi\Connection.php:201
Stack trace:
#0 E:\Development Tools\Xampp\htdocs\NToday-News\vendor\codeigniter4\framework\system\Database\MySQLi\Connection.php(201): mysqli->real_connect('localhost', 'ntodaynews', Object(SensitiveParameterValue), '', 3306, '', 0)
#1 E:\Development Tools\Xampp\htdocs\NToday-News\vendor\codeigniter4\framework\system\Database\BaseConnection.php(419): CodeIgniter\Database\MySQLi\Connection->connect(false)
#2 E:\Development Tools\Xampp\htdocs\NToday-News\vendor\codeigniter4\framework\system\Database\BaseConnection.php(654): CodeIgniter\Database\BaseConnection->initialize()
#3 E:\Development Tools\Xampp\htdocs\NToday-News\vendor\codeigniter4\framework\system\Database\BaseBuilder.php(1649): CodeIgniter\Database\BaseConnection->query('SELECT *\nFROM `...', Array, false)
#4 E:\Development Tools\Xampp\htdocs\NToday-News\vendor\codeigniter4\framework\system\Model.php(254): CodeIgniter\Database\BaseBuilder->get()
#5 E:\Development Tools\Xampp\htdocs\NToday-News\vendor\codeigniter4\framework\system\BaseModel.php(675): CodeIgniter\Model->doFindAll(6, 0)
#6 E:\Development Tools\Xampp\htdocs\NToday-News\app\Controllers\Home.php(16): CodeIgniter\BaseModel->findAll(6)
#7 E:\Development Tools\Xampp\htdocs\NToday-News\vendor\codeigniter4\framework\system\CodeIgniter.php(951): App\Controllers\Home->index()
#8 E:\Development Tools\Xampp\htdocs\NToday-News\vendor\codeigniter4\framework\system\CodeIgniter.php(497): CodeIgniter\CodeIgniter->runController(Object(App\Controllers\Home))
#9 E:\Development Tools\Xampp\htdocs\NToday-News\vendor\codeigniter4\framework\system\CodeIgniter.php(340): CodeIgniter\CodeIgniter->handleRequest(NULL, Object(Config\Cache), false)
#10 E:\Development Tools\Xampp\htdocs\NToday-News\vendor\codeigniter4\framework\system\Boot.php(417): CodeIgniter\CodeIgniter->run()
#11 E:\Development Tools\Xampp\htdocs\NToday-News\vendor\codeigniter4\framework\system\Boot.php(68): CodeIgniter\Boot::runCodeIgniter(Object(CodeIgniter\CodeIgniter))
#12 E:\Development Tools\Xampp\htdocs\NToday-News\public\index.php(59): CodeIgniter\Boot::bootWeb(Object(Config\Paths))
#13 E:\Development Tools\Xampp\htdocs\NToday-News\vendor\codeigniter4\framework\system\rewrite.php(44): require_once('E:\\Development ...')
#14 {main}

Next CodeIgniter\Database\Exceptions\DatabaseException: Access denied for user '****'@'localhost' (using password: NO) in E:\Development Tools\Xampp\htdocs\NToday-News\vendor\codeigniter4\framework\system\Database\MySQLi\Connection.php:231
Stack trace:
#0 E:\Development Tools\Xampp\htdocs\NToday-News\vendor\codeigniter4\framework\system\Database\BaseConnection.php(419): CodeIgniter\Database\MySQLi\Connection->connect(false)
#1 E:\Development Tools\Xampp\htdocs\NToday-News\vendor\codeigniter4\framework\system\Database\BaseConnection.php(654): CodeIgniter\Database\BaseConnection->initialize()
#2 E:\Development Tools\Xampp\htdocs\NToday-News\vendor\codeigniter4\framework\system\Database\BaseBuilder.php(1649): CodeIgniter\Database\BaseConnection->query('SELECT *\nFROM `...', Array, false)
#3 E:\Development Tools\Xampp\htdocs\NToday-News\vendor\codeigniter4\framework\system\Model.php(254): CodeIgniter\Database\BaseBuilder->get()
#4 E:\Development Tools\Xampp\htdocs\NToday-News\vendor\codeigniter4\framework\system\BaseModel.php(675): CodeIgniter\Model->doFindAll(6, 0)
#5 E:\Development Tools\Xampp\htdocs\NToday-News\app\Controllers\Home.php(16): CodeIgniter\BaseModel->findAll(6)
#6 E:\Development Tools\Xampp\htdocs\NToday-News\vendor\codeigniter4\framework\system\CodeIgniter.php(951): App\Controllers\Home->index()
#7 E:\Development Tools\Xampp\htdocs\NToday-News\vendor\codeigniter4\framework\system\CodeIgniter.php(497): CodeIgniter\CodeIgniter->runController(Object(App\Controllers\Home))
#8 E:\Development Tools\Xampp\htdocs\NToday-News\vendor\codeigniter4\framework\system\CodeIgniter.php(340): CodeIgniter\CodeIgniter->handleRequest(NULL, Object(Config\Cache), false)
#9 E:\Development Tools\Xampp\htdocs\NToday-News\vendor\codeigniter4\framework\system\Boot.php(417): CodeIgniter\CodeIgniter->run()
#10 E:\Development Tools\Xampp\htdocs\NToday-News\vendor\codeigniter4\framework\system\Boot.php(68): CodeIgniter\Boot::runCodeIgniter(Object(CodeIgniter\CodeIgniter))
#11 E:\Development Tools\Xampp\htdocs\NToday-News\public\index.php(59): CodeIgniter\Boot::bootWeb(Object(Config\Paths))
#12 E:\Development Tools\Xampp\htdocs\NToday-News\vendor\codeigniter4\framework\system\rewrite.php(44): require_once('E:\\Development ...')
#13 {main}
CRITICAL - 2026-02-21 17:00:16 --> CodeIgniter\Database\Exceptions\DatabaseException: Unable to connect to the database.
Main connection [MySQLi]: Access denied for user '****'@'localhost' (using password: NO)
[Method: GET, Route: /]
in SYSTEMPATH\Database\BaseConnection.php on line 465.
 1 SYSTEMPATH\Database\BaseConnection.php(654): CodeIgniter\Database\BaseConnection->initialize()
 2 SYSTEMPATH\Database\BaseBuilder.php(1649): CodeIgniter\Database\BaseConnection->query('SELECT *
FROM `news`
WHERE `status` = :status:
ORDER BY `published_at` DESC
 LIMIT 6', [...], false)
 3 SYSTEMPATH\Model.php(254): CodeIgniter\Database\BaseBuilder->get()
 4 SYSTEMPATH\BaseModel.php(675): CodeIgniter\Model->doFindAll(6, 0)
 5 APPPATH\Controllers\Home.php(16): CodeIgniter\BaseModel->findAll(6)
 6 SYSTEMPATH\CodeIgniter.php(951): App\Controllers\Home->index()
 7 SYSTEMPATH\CodeIgniter.php(497): CodeIgniter\CodeIgniter->runController(Object(App\Controllers\Home))
 8 SYSTEMPATH\CodeIgniter.php(340): CodeIgniter\CodeIgniter->handleRequest(null, Object(Config\Cache), false)
 9 SYSTEMPATH\Boot.php(417): CodeIgniter\CodeIgniter->run()
10 SYSTEMPATH\Boot.php(68): CodeIgniter\Boot::runCodeIgniter(Object(CodeIgniter\CodeIgniter))
11 FCPATH\index.php(59): CodeIgniter\Boot::bootWeb(Object(Config\Paths))
12 SYSTEMPATH\rewrite.php(44): require_once('E:\\Development Tools\\Xampp\\htdocs\\NToday-News\\public\\index.php')
DEBUG - 2026-02-21 17:06:01 --> Session: Class initialized using 'CodeIgniter\Session\Handlers\FileHandler' driver.
DEBUG - 2026-02-21 17:06:06 --> Session: Class initialized using 'CodeIgniter\Session\Handlers\FileHandler' driver.
ERROR - 2026-02-21 17:16:12 --> Unknown column 'updated_at' in 'field list'
in SYSTEMPATH\Database\MySQLi\Connection.php on line 300.
 1 SYSTEMPATH\Database\MySQLi\Connection.php(300): mysqli->query('INSERT INTO `users` (`username`, `email`, `password`, `role`, `created_at`, `updated_at`) VALUES (\'Admin\', \'admin@email.com\', \'$2y$10$ubaXT/pbLNWmQyN19FPEZuymeMDilMsPPZCLKXVt8UZkCyUKBWk4u\', \'reporter\', \'2026-02-21 17:16:12\', \'2026-02-21 17:16:12\')', 0)
 2 SYSTEMPATH\Database\BaseConnection.php(769): CodeIgniter\Database\MySQLi\Connection->execute('INSERT INTO `users` (`username`, `email`, `password`, `role`, `created_at`, `updated_at`) VALUES (\'Admin\', \'admin@email.com\', \'$2y$10$ubaXT/pbLNWmQyN19FPEZuymeMDilMsPPZCLKXVt8UZkCyUKBWk4u\', \'reporter\', \'2026-02-21 17:16:12\', \'2026-02-21 17:16:12\')')
 3 SYSTEMPATH\Database\BaseConnection.php(686): CodeIgniter\Database\BaseConnection->simpleQuery('INSERT INTO `users` (`username`, `email`, `password`, `role`, `created_at`, `updated_at`) VALUES (\'Admin\', \'admin@email.com\', \'$2y$10$ubaXT/pbLNWmQyN19FPEZuymeMDilMsPPZCLKXVt8UZkCyUKBWk4u\', \'reporter\', \'2026-02-21 17:16:12\', \'2026-02-21 17:16:12\')')
 4 SYSTEMPATH\Database\BaseBuilder.php(2345): CodeIgniter\Database\BaseConnection->query('INSERT INTO `users` (`username`, `email`, `password`, `role`, `created_at`, `updated_at`) VALUES (:username:, :email:, :password:, :role:, :created_at:, :updated_at:)', [...], false)
 5 SYSTEMPATH\Model.php(356): CodeIgniter\Database\BaseBuilder->insert()
 6 SYSTEMPATH\BaseModel.php(898): CodeIgniter\Model->doInsert([...])
 7 SYSTEMPATH\Model.php(665): CodeIgniter\BaseModel->insert([...], false)
 8 SYSTEMPATH\BaseModel.php(751): CodeIgniter\Model->insert([...], false)
 9 APPPATH\Controllers\AuthController.php(27): CodeIgniter\BaseModel->save([...])
10 SYSTEMPATH\CodeIgniter.php(951): App\Controllers\AuthController->store()
11 SYSTEMPATH\CodeIgniter.php(497): CodeIgniter\CodeIgniter->runController(Object(App\Controllers\AuthController))
12 SYSTEMPATH\CodeIgniter.php(340): CodeIgniter\CodeIgniter->handleRequest(null, Object(Config\Cache), false)
13 SYSTEMPATH\Boot.php(417): CodeIgniter\CodeIgniter->run()
14 SYSTEMPATH\Boot.php(68): CodeIgniter\Boot::runCodeIgniter(Object(CodeIgniter\CodeIgniter))
15 FCPATH\index.php(59): CodeIgniter\Boot::bootWeb(Object(Config\Paths))
16 SYSTEMPATH\rewrite.php(44): require_once('E:\\Development Tools\\Xampp\\htdocs\\NToday-News\\public\\index.php')
CRITICAL - 2026-02-21 17:16:12 --> CodeIgniter\Database\Exceptions\DatabaseException: Unknown column 'updated_at' in 'field list'
[Method: POST, Route: signup/store]
in SYSTEMPATH\Database\BaseConnection.php on line 724.
 1 SYSTEMPATH\Database\BaseBuilder.php(2345): CodeIgniter\Database\BaseConnection->query('INSERT INTO `users` (`username`, `email`, `password`, `role`, `created_at`, `updated_at`) VALUES (:username:, :email:, :password:, :role:, :created_at:, :updated_at:)', [...], false)
 2 SYSTEMPATH\Model.php(356): CodeIgniter\Database\BaseBuilder->insert()
 3 SYSTEMPATH\BaseModel.php(898): CodeIgniter\Model->doInsert([...])
 4 SYSTEMPATH\Model.php(665): CodeIgniter\BaseModel->insert([...], false)
 5 SYSTEMPATH\BaseModel.php(751): CodeIgniter\Model->insert([...], false)
 6 APPPATH\Controllers\AuthController.php(27): CodeIgniter\BaseModel->save([...])
 7 SYSTEMPATH\CodeIgniter.php(951): App\Controllers\AuthController->store()
 8 SYSTEMPATH\CodeIgniter.php(497): CodeIgniter\CodeIgniter->runController(Object(App\Controllers\AuthController))
 9 SYSTEMPATH\CodeIgniter.php(340): CodeIgniter\CodeIgniter->handleRequest(null, Object(Config\Cache), false)
10 SYSTEMPATH\Boot.php(417): CodeIgniter\CodeIgniter->run()
11 SYSTEMPATH\Boot.php(68): CodeIgniter\Boot::runCodeIgniter(Object(CodeIgniter\CodeIgniter))
12 FCPATH\index.php(59): CodeIgniter\Boot::bootWeb(Object(Config\Paths))
13 SYSTEMPATH\rewrite.php(44): require_once('E:\\Development Tools\\Xampp\\htdocs\\NToday-News\\public\\index.php')
CRITICAL - 2026-02-21 17:16:12 --> [Caused by] CodeIgniter\Database\Exceptions\DatabaseException: Unknown column 'updated_at' in 'field list'
in SYSTEMPATH\Database\MySQLi\Connection.php on line 310.
 1 SYSTEMPATH\Database\BaseConnection.php(769): CodeIgniter\Database\MySQLi\Connection->execute('INSERT INTO `users` (`username`, `email`, `password`, `role`, `created_at`, `updated_at`) VALUES (\'Admin\', \'admin@email.com\', \'$2y$10$ubaXT/pbLNWmQyN19FPEZuymeMDilMsPPZCLKXVt8UZkCyUKBWk4u\', \'reporter\', \'2026-02-21 17:16:12\', \'2026-02-21 17:16:12\')')
 2 SYSTEMPATH\Database\BaseConnection.php(686): CodeIgniter\Database\BaseConnection->simpleQuery('INSERT INTO `users` (`username`, `email`, `password`, `role`, `created_at`, `updated_at`) VALUES (\'Admin\', \'admin@email.com\', \'$2y$10$ubaXT/pbLNWmQyN19FPEZuymeMDilMsPPZCLKXVt8UZkCyUKBWk4u\', \'reporter\', \'2026-02-21 17:16:12\', \'2026-02-21 17:16:12\')')
 3 SYSTEMPATH\Database\BaseBuilder.php(2345): CodeIgniter\Database\BaseConnection->query('INSERT INTO `users` (`username`, `email`, `password`, `role`, `created_at`, `updated_at`) VALUES (:username:, :email:, :password:, :role:, :created_at:, :updated_at:)', [...], false)
 4 SYSTEMPATH\Model.php(356): CodeIgniter\Database\BaseBuilder->insert()
 5 SYSTEMPATH\BaseModel.php(898): CodeIgniter\Model->doInsert([...])
 6 SYSTEMPATH\Model.php(665): CodeIgniter\BaseModel->insert([...], false)
 7 SYSTEMPATH\BaseModel.php(751): CodeIgniter\Model->insert([...], false)
 8 APPPATH\Controllers\AuthController.php(27): CodeIgniter\BaseModel->save([...])
 9 SYSTEMPATH\CodeIgniter.php(951): App\Controllers\AuthController->store()
10 SYSTEMPATH\CodeIgniter.php(497): CodeIgniter\CodeIgniter->runController(Object(App\Controllers\AuthController))
11 SYSTEMPATH\CodeIgniter.php(340): CodeIgniter\CodeIgniter->handleRequest(null, Object(Config\Cache), false)
12 SYSTEMPATH\Boot.php(417): CodeIgniter\CodeIgniter->run()
13 SYSTEMPATH\Boot.php(68): CodeIgniter\Boot::runCodeIgniter(Object(CodeIgniter\CodeIgniter))
14 FCPATH\index.php(59): CodeIgniter\Boot::bootWeb(Object(Config\Paths))
15 SYSTEMPATH\rewrite.php(44): require_once('E:\\Development Tools\\Xampp\\htdocs\\NToday-News\\public\\index.php')
CRITICAL - 2026-02-21 17:16:12 --> [Caused by] mysqli_sql_exception: Unknown column 'updated_at' in 'field list'
in SYSTEMPATH\Database\MySQLi\Connection.php on line 300.
 1 SYSTEMPATH\Database\MySQLi\Connection.php(300): mysqli->query('INSERT INTO `users` (`username`, `email`, `password`, `role`, `created_at`, `updated_at`) VALUES (\'Admin\', \'admin@email.com\', \'$2y$10$ubaXT/pbLNWmQyN19FPEZuymeMDilMsPPZCLKXVt8UZkCyUKBWk4u\', \'reporter\', \'2026-02-21 17:16:12\', \'2026-02-21 17:16:12\')', 0)
 2 SYSTEMPATH\Database\BaseConnection.php(769): CodeIgniter\Database\MySQLi\Connection->execute('INSERT INTO `users` (`username`, `email`, `password`, `role`, `created_at`, `updated_at`) VALUES (\'Admin\', \'admin@email.com\', \'$2y$10$ubaXT/pbLNWmQyN19FPEZuymeMDilMsPPZCLKXVt8UZkCyUKBWk4u\', \'reporter\', \'2026-02-21 17:16:12\', \'2026-02-21 17:16:12\')')
 3 SYSTEMPATH\Database\BaseConnection.php(686): CodeIgniter\Database\BaseConnection->simpleQuery('INSERT INTO `users` (`username`, `email`, `password`, `role`, `created_at`, `updated_at`) VALUES (\'Admin\', \'admin@email.com\', \'$2y$10$ubaXT/pbLNWmQyN19FPEZuymeMDilMsPPZCLKXVt8UZkCyUKBWk4u\', \'reporter\', \'2026-02-21 17:16:12\', \'2026-02-21 17:16:12\')')
 4 SYSTEMPATH\Database\BaseBuilder.php(2345): CodeIgniter\Database\BaseConnection->query('INSERT INTO `users` (`username`, `email`, `password`, `role`, `created_at`, `updated_at`) VALUES (:username:, :email:, :password:, :role:, :created_at:, :updated_at:)', [...], false)
 5 SYSTEMPATH\Model.php(356): CodeIgniter\Database\BaseBuilder->insert()
 6 SYSTEMPATH\BaseModel.php(898): CodeIgniter\Model->doInsert([...])
 7 SYSTEMPATH\Model.php(665): CodeIgniter\BaseModel->insert([...], false)
 8 SYSTEMPATH\BaseModel.php(751): CodeIgniter\Model->insert([...], false)
 9 APPPATH\Controllers\AuthController.php(27): CodeIgniter\BaseModel->save([...])
10 SYSTEMPATH\CodeIgniter.php(951): App\Controllers\AuthController->store()
11 SYSTEMPATH\CodeIgniter.php(497): CodeIgniter\CodeIgniter->runController(Object(App\Controllers\AuthController))
12 SYSTEMPATH\CodeIgniter.php(340): CodeIgniter\CodeIgniter->handleRequest(null, Object(Config\Cache), false)
13 SYSTEMPATH\Boot.php(417): CodeIgniter\CodeIgniter->run()
14 SYSTEMPATH\Boot.php(68): CodeIgniter\Boot::runCodeIgniter(Object(CodeIgniter\CodeIgniter))
15 FCPATH\index.php(59): CodeIgniter\Boot::bootWeb(Object(Config\Paths))
16 SYSTEMPATH\rewrite.php(44): require_once('E:\\Development Tools\\Xampp\\htdocs\\NToday-News\\public\\index.php')
ERROR - 2026-02-21 17:17:48 --> Unknown column 'updated_at' in 'field list'
in SYSTEMPATH\Database\MySQLi\Connection.php on line 300.
 1 SYSTEMPATH\Database\MySQLi\Connection.php(300): mysqli->query('INSERT INTO `users` (`username`, `email`, `password`, `role`, `created_at`, `updated_at`) VALUES (\'Admin\', \'admin@email.com\', \'$2y$10$EJ1ivIAEm4FwSw.jSXX5jOdWxGKMQajXdurip0Xkw6KrBj/Y//2ny\', \'reporter\', \'2026-02-21 17:17:48\', \'2026-02-21 17:17:48\')', 0)
 2 SYSTEMPATH\Database\BaseConnection.php(769): CodeIgniter\Database\MySQLi\Connection->execute('INSERT INTO `users` (`username`, `email`, `password`, `role`, `created_at`, `updated_at`) VALUES (\'Admin\', \'admin@email.com\', \'$2y$10$EJ1ivIAEm4FwSw.jSXX5jOdWxGKMQajXdurip0Xkw6KrBj/Y//2ny\', \'reporter\', \'2026-02-21 17:17:48\', \'2026-02-21 17:17:48\')')
 3 SYSTEMPATH\Database\BaseConnection.php(686): CodeIgniter\Database\BaseConnection->simpleQuery('INSERT INTO `users` (`username`, `email`, `password`, `role`, `created_at`, `updated_at`) VALUES (\'Admin\', \'admin@email.com\', \'$2y$10$EJ1ivIAEm4FwSw.jSXX5jOdWxGKMQajXdurip0Xkw6KrBj/Y//2ny\', \'reporter\', \'2026-02-21 17:17:48\', \'2026-02-21 17:17:48\')')
 4 SYSTEMPATH\Database\BaseBuilder.php(2345): CodeIgniter\Database\BaseConnection->query('INSERT INTO `users` (`username`, `email`, `password`, `role`, `created_at`, `updated_at`) VALUES (:username:, :email:, :password:, :role:, :created_at:, :updated_at:)', [...], false)
 5 SYSTEMPATH\Model.php(356): CodeIgniter\Database\BaseBuilder->insert()
 6 SYSTEMPATH\BaseModel.php(898): CodeIgniter\Model->doInsert([...])
 7 SYSTEMPATH\Model.php(665): CodeIgniter\BaseModel->insert([...], false)
 8 SYSTEMPATH\BaseModel.php(751): CodeIgniter\Model->insert([...], false)
 9 APPPATH\Controllers\AuthController.php(27): CodeIgniter\BaseModel->save([...])
10 SYSTEMPATH\CodeIgniter.php(951): App\Controllers\AuthController->store()
11 SYSTEMPATH\CodeIgniter.php(497): CodeIgniter\CodeIgniter->runController(Object(App\Controllers\AuthController))
12 SYSTEMPATH\CodeIgniter.php(340): CodeIgniter\CodeIgniter->handleRequest(null, Object(Config\Cache), false)
13 SYSTEMPATH\Boot.php(417): CodeIgniter\CodeIgniter->run()
14 SYSTEMPATH\Boot.php(68): CodeIgniter\Boot::runCodeIgniter(Object(CodeIgniter\CodeIgniter))
15 FCPATH\index.php(59): CodeIgniter\Boot::bootWeb(Object(Config\Paths))
16 SYSTEMPATH\rewrite.php(44): require_once('E:\\Development Tools\\Xampp\\htdocs\\NToday-News\\public\\index.php')
CRITICAL - 2026-02-21 17:17:48 --> CodeIgniter\Database\Exceptions\DatabaseException: Unknown column 'updated_at' in 'field list'
[Method: POST, Route: signup/store]
in SYSTEMPATH\Database\BaseConnection.php on line 724.
 1 SYSTEMPATH\Database\BaseBuilder.php(2345): CodeIgniter\Database\BaseConnection->query('INSERT INTO `users` (`username`, `email`, `password`, `role`, `created_at`, `updated_at`) VALUES (:username:, :email:, :password:, :role:, :created_at:, :updated_at:)', [...], false)
 2 SYSTEMPATH\Model.php(356): CodeIgniter\Database\BaseBuilder->insert()
 3 SYSTEMPATH\BaseModel.php(898): CodeIgniter\Model->doInsert([...])
 4 SYSTEMPATH\Model.php(665): CodeIgniter\BaseModel->insert([...], false)
 5 SYSTEMPATH\BaseModel.php(751): CodeIgniter\Model->insert([...], false)
 6 APPPATH\Controllers\AuthController.php(27): CodeIgniter\BaseModel->save([...])
 7 SYSTEMPATH\CodeIgniter.php(951): App\Controllers\AuthController->store()
 8 SYSTEMPATH\CodeIgniter.php(497): CodeIgniter\CodeIgniter->runController(Object(App\Controllers\AuthController))
 9 SYSTEMPATH\CodeIgniter.php(340): CodeIgniter\CodeIgniter->handleRequest(null, Object(Config\Cache), false)
10 SYSTEMPATH\Boot.php(417): CodeIgniter\CodeIgniter->run()
11 SYSTEMPATH\Boot.php(68): CodeIgniter\Boot::runCodeIgniter(Object(CodeIgniter\CodeIgniter))
12 FCPATH\index.php(59): CodeIgniter\Boot::bootWeb(Object(Config\Paths))
13 SYSTEMPATH\rewrite.php(44): require_once('E:\\Development Tools\\Xampp\\htdocs\\NToday-News\\public\\index.php')
CRITICAL - 2026-02-21 17:17:48 --> [Caused by] CodeIgniter\Database\Exceptions\DatabaseException: Unknown column 'updated_at' in 'field list'
in SYSTEMPATH\Database\MySQLi\Connection.php on line 310.
 1 SYSTEMPATH\Database\BaseConnection.php(769): CodeIgniter\Database\MySQLi\Connection->execute('INSERT INTO `users` (`username`, `email`, `password`, `role`, `created_at`, `updated_at`) VALUES (\'Admin\', \'admin@email.com\', \'$2y$10$EJ1ivIAEm4FwSw.jSXX5jOdWxGKMQajXdurip0Xkw6KrBj/Y//2ny\', \'reporter\', \'2026-02-21 17:17:48\', \'2026-02-21 17:17:48\')')
 2 SYSTEMPATH\Database\BaseConnection.php(686): CodeIgniter\Database\BaseConnection->simpleQuery('INSERT INTO `users` (`username`, `email`, `password`, `role`, `created_at`, `updated_at`) VALUES (\'Admin\', \'admin@email.com\', \'$2y$10$EJ1ivIAEm4FwSw.jSXX5jOdWxGKMQajXdurip0Xkw6KrBj/Y//2ny\', \'reporter\', \'2026-02-21 17:17:48\', \'2026-02-21 17:17:48\')')
 3 SYSTEMPATH\Database\BaseBuilder.php(2345): CodeIgniter\Database\BaseConnection->query('INSERT INTO `users` (`username`, `email`, `password`, `role`, `created_at`, `updated_at`) VALUES (:username:, :email:, :password:, :role:, :created_at:, :updated_at:)', [...], false)
 4 SYSTEMPATH\Model.php(356): CodeIgniter\Database\BaseBuilder->insert()
 5 SYSTEMPATH\BaseModel.php(898): CodeIgniter\Model->doInsert([...])
 6 SYSTEMPATH\Model.php(665): CodeIgniter\BaseModel->insert([...], false)
 7 SYSTEMPATH\BaseModel.php(751): CodeIgniter\Model->insert([...], false)
 8 APPPATH\Controllers\AuthController.php(27): CodeIgniter\BaseModel->save([...])
 9 SYSTEMPATH\CodeIgniter.php(951): App\Controllers\AuthController->store()
10 SYSTEMPATH\CodeIgniter.php(497): CodeIgniter\CodeIgniter->runController(Object(App\Controllers\AuthController))
11 SYSTEMPATH\CodeIgniter.php(340): CodeIgniter\CodeIgniter->handleRequest(null, Object(Config\Cache), false)
12 SYSTEMPATH\Boot.php(417): CodeIgniter\CodeIgniter->run()
13 SYSTEMPATH\Boot.php(68): CodeIgniter\Boot::runCodeIgniter(Object(CodeIgniter\CodeIgniter))
14 FCPATH\index.php(59): CodeIgniter\Boot::bootWeb(Object(Config\Paths))
15 SYSTEMPATH\rewrite.php(44): require_once('E:\\Development Tools\\Xampp\\htdocs\\NToday-News\\public\\index.php')
CRITICAL - 2026-02-21 17:17:48 --> [Caused by] mysqli_sql_exception: Unknown column 'updated_at' in 'field list'
in SYSTEMPATH\Database\MySQLi\Connection.php on line 300.
 1 SYSTEMPATH\Database\MySQLi\Connection.php(300): mysqli->query('INSERT INTO `users` (`username`, `email`, `password`, `role`, `created_at`, `updated_at`) VALUES (\'Admin\', \'admin@email.com\', \'$2y$10$EJ1ivIAEm4FwSw.jSXX5jOdWxGKMQajXdurip0Xkw6KrBj/Y//2ny\', \'reporter\', \'2026-02-21 17:17:48\', \'2026-02-21 17:17:48\')', 0)
 2 SYSTEMPATH\Database\BaseConnection.php(769): CodeIgniter\Database\MySQLi\Connection->execute('INSERT INTO `users` (`username`, `email`, `password`, `role`, `created_at`, `updated_at`) VALUES (\'Admin\', \'admin@email.com\', \'$2y$10$EJ1ivIAEm4FwSw.jSXX5jOdWxGKMQajXdurip0Xkw6KrBj/Y//2ny\', \'reporter\', \'2026-02-21 17:17:48\', \'2026-02-21 17:17:48\')')
 3 SYSTEMPATH\Database\BaseConnection.php(686): CodeIgniter\Database\BaseConnection->simpleQuery('INSERT INTO `users` (`username`, `email`, `password`, `role`, `created_at`, `updated_at`) VALUES (\'Admin\', \'admin@email.com\', \'$2y$10$EJ1ivIAEm4FwSw.jSXX5jOdWxGKMQajXdurip0Xkw6KrBj/Y//2ny\', \'reporter\', \'2026-02-21 17:17:48\', \'2026-02-21 17:17:48\')')
 4 SYSTEMPATH\Database\BaseBuilder.php(2345): CodeIgniter\Database\BaseConnection->query('INSERT INTO `users` (`username`, `email`, `password`, `role`, `created_at`, `updated_at`) VALUES (:username:, :email:, :password:, :role:, :created_at:, :updated_at:)', [...], false)
 5 SYSTEMPATH\Model.php(356): CodeIgniter\Database\BaseBuilder->insert()
 6 SYSTEMPATH\BaseModel.php(898): CodeIgniter\Model->doInsert([...])
 7 SYSTEMPATH\Model.php(665): CodeIgniter\BaseModel->insert([...], false)
 8 SYSTEMPATH\BaseModel.php(751): CodeIgniter\Model->insert([...], false)
 9 APPPATH\Controllers\AuthController.php(27): CodeIgniter\BaseModel->save([...])
10 SYSTEMPATH\CodeIgniter.php(951): App\Controllers\AuthController->store()
11 SYSTEMPATH\CodeIgniter.php(497): CodeIgniter\CodeIgniter->runController(Object(App\Controllers\AuthController))
12 SYSTEMPATH\CodeIgniter.php(340): CodeIgniter\CodeIgniter->handleRequest(null, Object(Config\Cache), false)
13 SYSTEMPATH\Boot.php(417): CodeIgniter\CodeIgniter->run()
14 SYSTEMPATH\Boot.php(68): CodeIgniter\Boot::runCodeIgniter(Object(CodeIgniter\CodeIgniter))
15 FCPATH\index.php(59): CodeIgniter\Boot::bootWeb(Object(Config\Paths))
16 SYSTEMPATH\rewrite.php(44): require_once('E:\\Development Tools\\Xampp\\htdocs\\NToday-News\\public\\index.php')
ERROR - 2026-02-21 17:17:52 --> Unknown column 'updated_at' in 'field list'
in SYSTEMPATH\Database\MySQLi\Connection.php on line 300.
 1 SYSTEMPATH\Database\MySQLi\Connection.php(300): mysqli->query('INSERT INTO `users` (`username`, `email`, `password`, `role`, `created_at`, `updated_at`) VALUES (\'Admin\', \'admin@email.com\', \'$2y$10$lok9eCvz2g4jZWYugzKZBeyzPUyHV9bwltuC05YSh13s9beLxWobi\', \'reporter\', \'2026-02-21 17:17:52\', \'2026-02-21 17:17:52\')', 0)
 2 SYSTEMPATH\Database\BaseConnection.php(769): CodeIgniter\Database\MySQLi\Connection->execute('INSERT INTO `users` (`username`, `email`, `password`, `role`, `created_at`, `updated_at`) VALUES (\'Admin\', \'admin@email.com\', \'$2y$10$lok9eCvz2g4jZWYugzKZBeyzPUyHV9bwltuC05YSh13s9beLxWobi\', \'reporter\', \'2026-02-21 17:17:52\', \'2026-02-21 17:17:52\')')
 3 SYSTEMPATH\Database\BaseConnection.php(686): CodeIgniter\Database\BaseConnection->simpleQuery('INSERT INTO `users` (`username`, `email`, `password`, `role`, `created_at`, `updated_at`) VALUES (\'Admin\', \'admin@email.com\', \'$2y$10$lok9eCvz2g4jZWYugzKZBeyzPUyHV9bwltuC05YSh13s9beLxWobi\', \'reporter\', \'2026-02-21 17:17:52\', \'2026-02-21 17:17:52\')')
 4 SYSTEMPATH\Database\BaseBuilder.php(2345): CodeIgniter\Database\BaseConnection->query('INSERT INTO `users` (`username`, `email`, `password`, `role`, `created_at`, `updated_at`) VALUES (:username:, :email:, :password:, :role:, :created_at:, :updated_at:)', [...], false)
 5 SYSTEMPATH\Model.php(356): CodeIgniter\Database\BaseBuilder->insert()
 6 SYSTEMPATH\BaseModel.php(898): CodeIgniter\Model->doInsert([...])
 7 SYSTEMPATH\Model.php(665): CodeIgniter\BaseModel->insert([...], false)
 8 SYSTEMPATH\BaseModel.php(751): CodeIgniter\Model->insert([...], false)
 9 APPPATH\Controllers\AuthController.php(27): CodeIgniter\BaseModel->save([...])
10 SYSTEMPATH\CodeIgniter.php(951): App\Controllers\AuthController->store()
11 SYSTEMPATH\CodeIgniter.php(497): CodeIgniter\CodeIgniter->runController(Object(App\Controllers\AuthController))
12 SYSTEMPATH\CodeIgniter.php(340): CodeIgniter\CodeIgniter->handleRequest(null, Object(Config\Cache), false)
13 SYSTEMPATH\Boot.php(417): CodeIgniter\CodeIgniter->run()
14 SYSTEMPATH\Boot.php(68): CodeIgniter\Boot::runCodeIgniter(Object(CodeIgniter\CodeIgniter))
15 FCPATH\index.php(59): CodeIgniter\Boot::bootWeb(Object(Config\Paths))
16 SYSTEMPATH\rewrite.php(44): require_once('E:\\Development Tools\\Xampp\\htdocs\\NToday-News\\public\\index.php')
CRITICAL - 2026-02-21 17:17:52 --> CodeIgniter\Database\Exceptions\DatabaseException: Unknown column 'updated_at' in 'field list'
[Method: POST, Route: signup/store]
in SYSTEMPATH\Database\BaseConnection.php on line 724.
 1 SYSTEMPATH\Database\BaseBuilder.php(2345): CodeIgniter\Database\BaseConnection->query('INSERT INTO `users` (`username`, `email`, `password`, `role`, `created_at`, `updated_at`) VALUES (:username:, :email:, :password:, :role:, :created_at:, :updated_at:)', [...], false)
 2 SYSTEMPATH\Model.php(356): CodeIgniter\Database\BaseBuilder->insert()
 3 SYSTEMPATH\BaseModel.php(898): CodeIgniter\Model->doInsert([...])
 4 SYSTEMPATH\Model.php(665): CodeIgniter\BaseModel->insert([...], false)
 5 SYSTEMPATH\BaseModel.php(751): CodeIgniter\Model->insert([...], false)
 6 APPPATH\Controllers\AuthController.php(27): CodeIgniter\BaseModel->save([...])
 7 SYSTEMPATH\CodeIgniter.php(951): App\Controllers\AuthController->store()
 8 SYSTEMPATH\CodeIgniter.php(497): CodeIgniter\CodeIgniter->runController(Object(App\Controllers\AuthController))
 9 SYSTEMPATH\CodeIgniter.php(340): CodeIgniter\CodeIgniter->handleRequest(null, Object(Config\Cache), false)
10 SYSTEMPATH\Boot.php(417): CodeIgniter\CodeIgniter->run()
11 SYSTEMPATH\Boot.php(68): CodeIgniter\Boot::runCodeIgniter(Object(CodeIgniter\CodeIgniter))
12 FCPATH\index.php(59): CodeIgniter\Boot::bootWeb(Object(Config\Paths))
13 SYSTEMPATH\rewrite.php(44): require_once('E:\\Development Tools\\Xampp\\htdocs\\NToday-News\\public\\index.php')
CRITICAL - 2026-02-21 17:17:52 --> [Caused by] CodeIgniter\Database\Exceptions\DatabaseException: Unknown column 'updated_at' in 'field list'
in SYSTEMPATH\Database\MySQLi\Connection.php on line 310.
 1 SYSTEMPATH\Database\BaseConnection.php(769): CodeIgniter\Database\MySQLi\Connection->execute('INSERT INTO `users` (`username`, `email`, `password`, `role`, `created_at`, `updated_at`) VALUES (\'Admin\', \'admin@email.com\', \'$2y$10$lok9eCvz2g4jZWYugzKZBeyzPUyHV9bwltuC05YSh13s9beLxWobi\', \'reporter\', \'2026-02-21 17:17:52\', \'2026-02-21 17:17:52\')')
 2 SYSTEMPATH\Database\BaseConnection.php(686): CodeIgniter\Database\BaseConnection->simpleQuery('INSERT INTO `users` (`username`, `email`, `password`, `role`, `created_at`, `updated_at`) VALUES (\'Admin\', \'admin@email.com\', \'$2y$10$lok9eCvz2g4jZWYugzKZBeyzPUyHV9bwltuC05YSh13s9beLxWobi\', \'reporter\', \'2026-02-21 17:17:52\', \'2026-02-21 17:17:52\')')
 3 SYSTEMPATH\Database\BaseBuilder.php(2345): CodeIgniter\Database\BaseConnection->query('INSERT INTO `users` (`username`, `email`, `password`, `role`, `created_at`, `updated_at`) VALUES (:username:, :email:, :password:, :role:, :created_at:, :updated_at:)', [...], false)
 4 SYSTEMPATH\Model.php(356): CodeIgniter\Database\BaseBuilder->insert()
 5 SYSTEMPATH\BaseModel.php(898): CodeIgniter\Model->doInsert([...])
 6 SYSTEMPATH\Model.php(665): CodeIgniter\BaseModel->insert([...], false)
 7 SYSTEMPATH\BaseModel.php(751): CodeIgniter\Model->insert([...], false)
 8 APPPATH\Controllers\AuthController.php(27): CodeIgniter\BaseModel->save([...])
 9 SYSTEMPATH\CodeIgniter.php(951): App\Controllers\AuthController->store()
10 SYSTEMPATH\CodeIgniter.php(497): CodeIgniter\CodeIgniter->runController(Object(App\Controllers\AuthController))
11 SYSTEMPATH\CodeIgniter.php(340): CodeIgniter\CodeIgniter->handleRequest(null, Object(Config\Cache), false)
12 SYSTEMPATH\Boot.php(417): CodeIgniter\CodeIgniter->run()
13 SYSTEMPATH\Boot.php(68): CodeIgniter\Boot::runCodeIgniter(Object(CodeIgniter\CodeIgniter))
14 FCPATH\index.php(59): CodeIgniter\Boot::bootWeb(Object(Config\Paths))
15 SYSTEMPATH\rewrite.php(44): require_once('E:\\Development Tools\\Xampp\\htdocs\\NToday-News\\public\\index.php')
CRITICAL - 2026-02-21 17:17:52 --> [Caused by] mysqli_sql_exception: Unknown column 'updated_at' in 'field list'
in SYSTEMPATH\Database\MySQLi\Connection.php on line 300.
 1 SYSTEMPATH\Database\MySQLi\Connection.php(300): mysqli->query('INSERT INTO `users` (`username`, `email`, `password`, `role`, `created_at`, `updated_at`) VALUES (\'Admin\', \'admin@email.com\', \'$2y$10$lok9eCvz2g4jZWYugzKZBeyzPUyHV9bwltuC05YSh13s9beLxWobi\', \'reporter\', \'2026-02-21 17:17:52\', \'2026-02-21 17:17:52\')', 0)
 2 SYSTEMPATH\Database\BaseConnection.php(769): CodeIgniter\Database\MySQLi\Connection->execute('INSERT INTO `users` (`username`, `email`, `password`, `role`, `created_at`, `updated_at`) VALUES (\'Admin\', \'admin@email.com\', \'$2y$10$lok9eCvz2g4jZWYugzKZBeyzPUyHV9bwltuC05YSh13s9beLxWobi\', \'reporter\', \'2026-02-21 17:17:52\', \'2026-02-21 17:17:52\')')
 3 SYSTEMPATH\Database\BaseConnection.php(686): CodeIgniter\Database\BaseConnection->simpleQuery('INSERT INTO `users` (`username`, `email`, `password`, `role`, `created_at`, `updated_at`) VALUES (\'Admin\', \'admin@email.com\', \'$2y$10$lok9eCvz2g4jZWYugzKZBeyzPUyHV9bwltuC05YSh13s9beLxWobi\', \'reporter\', \'2026-02-21 17:17:52\', \'2026-02-21 17:17:52\')')
 4 SYSTEMPATH\Database\BaseBuilder.php(2345): CodeIgniter\Database\BaseConnection->query('INSERT INTO `users` (`username`, `email`, `password`, `role`, `created_at`, `updated_at`) VALUES (:username:, :email:, :password:, :role:, :created_at:, :updated_at:)', [...], false)
 5 SYSTEMPATH\Model.php(356): CodeIgniter\Database\BaseBuilder->insert()
 6 SYSTEMPATH\BaseModel.php(898): CodeIgniter\Model->doInsert([...])
 7 SYSTEMPATH\Model.php(665): CodeIgniter\BaseModel->insert([...], false)
 8 SYSTEMPATH\BaseModel.php(751): CodeIgniter\Model->insert([...], false)
 9 APPPATH\Controllers\AuthController.php(27): CodeIgniter\BaseModel->save([...])
10 SYSTEMPATH\CodeIgniter.php(951): App\Controllers\AuthController->store()
11 SYSTEMPATH\CodeIgniter.php(497): CodeIgniter\CodeIgniter->runController(Object(App\Controllers\AuthController))
12 SYSTEMPATH\CodeIgniter.php(340): CodeIgniter\CodeIgniter->handleRequest(null, Object(Config\Cache), false)
13 SYSTEMPATH\Boot.php(417): CodeIgniter\CodeIgniter->run()
14 SYSTEMPATH\Boot.php(68): CodeIgniter\Boot::runCodeIgniter(Object(CodeIgniter\CodeIgniter))
15 FCPATH\index.php(59): CodeIgniter\Boot::bootWeb(Object(Config\Paths))
16 SYSTEMPATH\rewrite.php(44): require_once('E:\\Development Tools\\Xampp\\htdocs\\NToday-News\\public\\index.php')
ERROR - 2026-02-21 17:18:06 --> Unknown column 'updated_at' in 'field list'
in SYSTEMPATH\Database\MySQLi\Connection.php on line 300.
 1 SYSTEMPATH\Database\MySQLi\Connection.php(300): mysqli->query('INSERT INTO `users` (`username`, `email`, `password`, `role`, `created_at`, `updated_at`) VALUES (\'admin\', \'admin@email.com\', \'$2y$10$so.In2pfh1isesmrPRJv0.twAPKQfTKP3L4SVTvpBoBdRhDpbqe8m\', \'reporter\', \'2026-02-21 17:18:06\', \'2026-02-21 17:18:06\')', 0)
 2 SYSTEMPATH\Database\BaseConnection.php(769): CodeIgniter\Database\MySQLi\Connection->execute('INSERT INTO `users` (`username`, `email`, `password`, `role`, `created_at`, `updated_at`) VALUES (\'admin\', \'admin@email.com\', \'$2y$10$so.In2pfh1isesmrPRJv0.twAPKQfTKP3L4SVTvpBoBdRhDpbqe8m\', \'reporter\', \'2026-02-21 17:18:06\', \'2026-02-21 17:18:06\')')
 3 SYSTEMPATH\Database\BaseConnection.php(686): CodeIgniter\Database\BaseConnection->simpleQuery('INSERT INTO `users` (`username`, `email`, `password`, `role`, `created_at`, `updated_at`) VALUES (\'admin\', \'admin@email.com\', \'$2y$10$so.In2pfh1isesmrPRJv0.twAPKQfTKP3L4SVTvpBoBdRhDpbqe8m\', \'reporter\', \'2026-02-21 17:18:06\', \'2026-02-21 17:18:06\')')
 4 SYSTEMPATH\Database\BaseBuilder.php(2345): CodeIgniter\Database\BaseConnection->query('INSERT INTO `users` (`username`, `email`, `password`, `role`, `created_at`, `updated_at`) VALUES (:username:, :email:, :password:, :role:, :created_at:, :updated_at:)', [...], false)
 5 SYSTEMPATH\Model.php(356): CodeIgniter\Database\BaseBuilder->insert()
 6 SYSTEMPATH\BaseModel.php(898): CodeIgniter\Model->doInsert([...])
 7 SYSTEMPATH\Model.php(665): CodeIgniter\BaseModel->insert([...], false)
 8 SYSTEMPATH\BaseModel.php(751): CodeIgniter\Model->insert([...], false)
 9 APPPATH\Controllers\AuthController.php(27): CodeIgniter\BaseModel->save([...])
10 SYSTEMPATH\CodeIgniter.php(951): App\Controllers\AuthController->store()
11 SYSTEMPATH\CodeIgniter.php(497): CodeIgniter\CodeIgniter->runController(Object(App\Controllers\AuthController))
12 SYSTEMPATH\CodeIgniter.php(340): CodeIgniter\CodeIgniter->handleRequest(null, Object(Config\Cache), false)
13 SYSTEMPATH\Boot.php(417): CodeIgniter\CodeIgniter->run()
14 SYSTEMPATH\Boot.php(68): CodeIgniter\Boot::runCodeIgniter(Object(CodeIgniter\CodeIgniter))
15 FCPATH\index.php(59): CodeIgniter\Boot::bootWeb(Object(Config\Paths))
16 SYSTEMPATH\rewrite.php(44): require_once('E:\\Development Tools\\Xampp\\htdocs\\NToday-News\\public\\index.php')
CRITICAL - 2026-02-21 17:18:06 --> CodeIgniter\Database\Exceptions\DatabaseException: Unknown column 'updated_at' in 'field list'
[Method: POST, Route: signup/store]
in SYSTEMPATH\Database\BaseConnection.php on line 724.
 1 SYSTEMPATH\Database\BaseBuilder.php(2345): CodeIgniter\Database\BaseConnection->query('INSERT INTO `users` (`username`, `email`, `password`, `role`, `created_at`, `updated_at`) VALUES (:username:, :email:, :password:, :role:, :created_at:, :updated_at:)', [...], false)
 2 SYSTEMPATH\Model.php(356): CodeIgniter\Database\BaseBuilder->insert()
 3 SYSTEMPATH\BaseModel.php(898): CodeIgniter\Model->doInsert([...])
 4 SYSTEMPATH\Model.php(665): CodeIgniter\BaseModel->insert([...], false)
 5 SYSTEMPATH\BaseModel.php(751): CodeIgniter\Model->insert([...], false)
 6 APPPATH\Controllers\AuthController.php(27): CodeIgniter\BaseModel->save([...])
 7 SYSTEMPATH\CodeIgniter.php(951): App\Controllers\AuthController->store()
 8 SYSTEMPATH\CodeIgniter.php(497): CodeIgniter\CodeIgniter->runController(Object(App\Controllers\AuthController))
 9 SYSTEMPATH\CodeIgniter.php(340): CodeIgniter\CodeIgniter->handleRequest(null, Object(Config\Cache), false)
10 SYSTEMPATH\Boot.php(417): CodeIgniter\CodeIgniter->run()
11 SYSTEMPATH\Boot.php(68): CodeIgniter\Boot::runCodeIgniter(Object(CodeIgniter\CodeIgniter))
12 FCPATH\index.php(59): CodeIgniter\Boot::bootWeb(Object(Config\Paths))
13 SYSTEMPATH\rewrite.php(44): require_once('E:\\Development Tools\\Xampp\\htdocs\\NToday-News\\public\\index.php')
CRITICAL - 2026-02-21 17:18:06 --> [Caused by] CodeIgniter\Database\Exceptions\DatabaseException: Unknown column 'updated_at' in 'field list'
in SYSTEMPATH\Database\MySQLi\Connection.php on line 310.
 1 SYSTEMPATH\Database\BaseConnection.php(769): CodeIgniter\Database\MySQLi\Connection->execute('INSERT INTO `users` (`username`, `email`, `password`, `role`, `created_at`, `updated_at`) VALUES (\'admin\', \'admin@email.com\', \'$2y$10$so.In2pfh1isesmrPRJv0.twAPKQfTKP3L4SVTvpBoBdRhDpbqe8m\', \'reporter\', \'2026-02-21 17:18:06\', \'2026-02-21 17:18:06\')')
 2 SYSTEMPATH\Database\BaseConnection.php(686): CodeIgniter\Database\BaseConnection->simpleQuery('INSERT INTO `users` (`username`, `email`, `password`, `role`, `created_at`, `updated_at`) VALUES (\'admin\', \'admin@email.com\', \'$2y$10$so.In2pfh1isesmrPRJv0.twAPKQfTKP3L4SVTvpBoBdRhDpbqe8m\', \'reporter\', \'2026-02-21 17:18:06\', \'2026-02-21 17:18:06\')')
 3 SYSTEMPATH\Database\BaseBuilder.php(2345): CodeIgniter\Database\BaseConnection->query('INSERT INTO `users` (`username`, `email`, `password`, `role`, `created_at`, `updated_at`) VALUES (:username:, :email:, :password:, :role:, :created_at:, :updated_at:)', [...], false)
 4 SYSTEMPATH\Model.php(356): CodeIgniter\Database\BaseBuilder->insert()
 5 SYSTEMPATH\BaseModel.php(898): CodeIgniter\Model->doInsert([...])
 6 SYSTEMPATH\Model.php(665): CodeIgniter\BaseModel->insert([...], false)
 7 SYSTEMPATH\BaseModel.php(751): CodeIgniter\Model->insert([...], false)
 8 APPPATH\Controllers\AuthController.php(27): CodeIgniter\BaseModel->save([...])
 9 SYSTEMPATH\CodeIgniter.php(951): App\Controllers\AuthController->store()
10 SYSTEMPATH\CodeIgniter.php(497): CodeIgniter\CodeIgniter->runController(Object(App\Controllers\AuthController))
11 SYSTEMPATH\CodeIgniter.php(340): CodeIgniter\CodeIgniter->handleRequest(null, Object(Config\Cache), false)
12 SYSTEMPATH\Boot.php(417): CodeIgniter\CodeIgniter->run()
13 SYSTEMPATH\Boot.php(68): CodeIgniter\Boot::runCodeIgniter(Object(CodeIgniter\CodeIgniter))
14 FCPATH\index.php(59): CodeIgniter\Boot::bootWeb(Object(Config\Paths))
15 SYSTEMPATH\rewrite.php(44): require_once('E:\\Development Tools\\Xampp\\htdocs\\NToday-News\\public\\index.php')
CRITICAL - 2026-02-21 17:18:06 --> [Caused by] mysqli_sql_exception: Unknown column 'updated_at' in 'field list'
in SYSTEMPATH\Database\MySQLi\Connection.php on line 300.
 1 SYSTEMPATH\Database\MySQLi\Connection.php(300): mysqli->query('INSERT INTO `users` (`username`, `email`, `password`, `role`, `created_at`, `updated_at`) VALUES (\'admin\', \'admin@email.com\', \'$2y$10$so.In2pfh1isesmrPRJv0.twAPKQfTKP3L4SVTvpBoBdRhDpbqe8m\', \'reporter\', \'2026-02-21 17:18:06\', \'2026-02-21 17:18:06\')', 0)
 2 SYSTEMPATH\Database\BaseConnection.php(769): CodeIgniter\Database\MySQLi\Connection->execute('INSERT INTO `users` (`username`, `email`, `password`, `role`, `created_at`, `updated_at`) VALUES (\'admin\', \'admin@email.com\', \'$2y$10$so.In2pfh1isesmrPRJv0.twAPKQfTKP3L4SVTvpBoBdRhDpbqe8m\', \'reporter\', \'2026-02-21 17:18:06\', \'2026-02-21 17:18:06\')')
 3 SYSTEMPATH\Database\BaseConnection.php(686): CodeIgniter\Database\BaseConnection->simpleQuery('INSERT INTO `users` (`username`, `email`, `password`, `role`, `created_at`, `updated_at`) VALUES (\'admin\', \'admin@email.com\', \'$2y$10$so.In2pfh1isesmrPRJv0.twAPKQfTKP3L4SVTvpBoBdRhDpbqe8m\', \'reporter\', \'2026-02-21 17:18:06\', \'2026-02-21 17:18:06\')')
 4 SYSTEMPATH\Database\BaseBuilder.php(2345): CodeIgniter\Database\BaseConnection->query('INSERT INTO `users` (`username`, `email`, `password`, `role`, `created_at`, `updated_at`) VALUES (:username:, :email:, :password:, :role:, :created_at:, :updated_at:)', [...], false)
 5 SYSTEMPATH\Model.php(356): CodeIgniter\Database\BaseBuilder->insert()
 6 SYSTEMPATH\BaseModel.php(898): CodeIgniter\Model->doInsert([...])
 7 SYSTEMPATH\Model.php(665): CodeIgniter\BaseModel->insert([...], false)
 8 SYSTEMPATH\BaseModel.php(751): CodeIgniter\Model->insert([...], false)
 9 APPPATH\Controllers\AuthController.php(27): CodeIgniter\BaseModel->save([...])
10 SYSTEMPATH\CodeIgniter.php(951): App\Controllers\AuthController->store()
11 SYSTEMPATH\CodeIgniter.php(497): CodeIgniter\CodeIgniter->runController(Object(App\Controllers\AuthController))
12 SYSTEMPATH\CodeIgniter.php(340): CodeIgniter\CodeIgniter->handleRequest(null, Object(Config\Cache), false)
13 SYSTEMPATH\Boot.php(417): CodeIgniter\CodeIgniter->run()
14 SYSTEMPATH\Boot.php(68): CodeIgniter\Boot::runCodeIgniter(Object(CodeIgniter\CodeIgniter))
15 FCPATH\index.php(59): CodeIgniter\Boot::bootWeb(Object(Config\Paths))
16 SYSTEMPATH\rewrite.php(44): require_once('E:\\Development Tools\\Xampp\\htdocs\\NToday-News\\public\\index.php')
DEBUG - 2026-02-21 17:19:52 --> Session: Class initialized using 'CodeIgniter\Session\Handlers\FileHandler' driver.
DEBUG - 2026-02-21 17:19:52 --> Session: Class initialized using 'CodeIgniter\Session\Handlers\FileHandler' driver.
DEBUG - 2026-02-21 17:20:01 --> Session: Class initialized using 'CodeIgniter\Session\Handlers\FileHandler' driver.
